--------- beginning of main
03-14 14:14:06.454  2644  2644 E propClient: PropClient failed to load
03-14 14:14:06.661  2646  2646 E propClient: PropClient failed to load
03-14 14:14:06.662  2648  2648 E propClient: PropClient failed to load
03-14 14:14:06.681  2646  2646 E propClient: PropClient failed to load
03-14 14:14:06.682  2648  2648 E propClient: PropClient failed to load
03-14 14:14:07.748   597  1168 D audio_hw_primary: out_standby: enter: stream (0xf4f18800) usecase(1: low-latency-playback)
03-14 14:14:08.035   597  1168 D audio_hw_primary: disable_audio_route: reset and update mixer path: low-latency-playback
03-14 14:14:08.039   597  1168 D soundtrigger: audio_extn_sound_trigger_update_stream_status: uc_id 1 of type 0 for Event 2, with Raise=0
03-14 14:14:08.039   597  1168 D hardware_info: hw_info_append_hw_type : device_name = speaker
03-14 14:14:08.039   597  1168 D audio_hw_primary: disable_snd_device: snd_device(2: speaker)
03-14 14:14:08.039   597  1168 D msm8974_platform: platform_split_snd_device: snd_device(2) num devices(0) new_snd_devices(0)
03-14 14:14:08.073   597  1168 I soundtrigger: audio_extn_sound_trigger_update_device_status: device 0x2 of type 0 for Event 0, with Raise=0
03-14 14:14:08.073   597  1168 D audio_hw_primary: out_standby: exit
03-14 14:14:08.219  2651  2651 W main    : type=1400 audit(0.0:115): avc: denied { create } for name="cgroup.procs" scontext=u:r:zygote:s0 tcontext=u:object_r:cgroup:s0 tclass=file permissive=0
--------- beginning of system
03-14 14:14:08.232  1104  1145 W ActivityManager: Slow operation: 54ms so far, now at startProcess: returned from zygote!
03-14 14:14:08.233  1104  1145 W ActivityManager: Slow operation: 54ms so far, now at startProcess: done updating battery stats
03-14 14:14:08.233  1104  1145 W ActivityManager: Slow operation: 54ms so far, now at startProcess: building log message
03-14 14:14:08.233  1104  1145 I ActivityManager: Start proc 2651:android.ext.services/u0a10 for service android.ext.services/.storage.CacheQuotaServiceImpl
03-14 14:14:08.234  1104  1145 W ActivityManager: Slow operation: 55ms so far, now at startProcess: starting to update pids map
03-14 14:14:08.234  1104  1145 W ActivityManager: Slow operation: 56ms so far, now at startProcess: done updating pids map
03-14 14:14:08.234  1104  1145 W ActivityManager: Slow operation: 59ms so far, now at startProcess: done starting proc!
03-14 14:14:08.251  1104  2387 D CompatibilityInfo: mCompatibilityFlags - 0
03-14 14:14:08.251  1104  2387 D CompatibilityInfo: applicationDensity - 560
03-14 14:14:08.251  1104  2387 D CompatibilityInfo: applicationScale - 1.0
03-14 14:14:08.254  1104  2387 D CompatibilityInfo: mCompatibilityFlags - 0
03-14 14:14:08.254  1104  2387 D CompatibilityInfo: applicationDensity - 560
03-14 14:14:08.254  1104  2387 D CompatibilityInfo: applicationScale - 1.0
03-14 14:14:08.277  2651  2651 I zygote64: The ClassLoaderContext is a special shared library.
03-14 14:14:08.319  1104  1359 I ActivityManager: Killing 2187:com.android.managedprovisioning/u0a14 (adj 906): empty #17
03-14 14:14:08.320  1104  1141 W zygote64: kill(-2187, 9) failed: No such process
03-14 14:14:08.348  1104  1256 E TaskPersister: File error accessing recents directory (directory doesn't exist?).
03-14 14:14:08.337  1104  1141 I chatty  : uid=1000(system) ActivityManager identical 1 line
03-14 14:14:08.379  1104  1141 W zygote64: kill(-2187, 9) failed: No such process
03-14 14:14:08.379  1104  1141 I zygote64: Successfully killed process cgroup uid 10014 pid 2187 in 59ms
03-14 14:14:08.666  2669  2669 E propClient: PropClient failed to load
03-14 14:14:08.682  2671  2671 E propClient: PropClient failed to load
03-14 14:14:08.836  2671  2671 E propClient: PropClient failed to load
03-14 14:14:08.850  2671  2671 D AndroidRuntime: >>>>>> START com.android.internal.os.RuntimeInit uid 0 <<<<<<
03-14 14:14:08.922  2671  2671 I app_process: The ClassLoaderContext is a special shared library.
03-14 14:14:08.944  2671  2671 E System  : Unable to open boot classpath entry: /system/framework/ims-common.jar
03-14 14:14:08.945  2671  2671 E System  : java.io.FileNotFoundException: File doesn't exist: /system/framework/ims-common.jar
03-14 14:14:08.945  2671  2671 E System  : 	at java.util.zip.ZipFile.<init>(ZipFile.java:212)
03-14 14:14:08.945  2671  2671 E System  : 	at java.util.zip.ZipFile.<init>(ZipFile.java:149)
03-14 14:14:08.945  2671  2671 E System  : 	at java.util.jar.JarFile.<init>(JarFile.java:160)
03-14 14:14:08.945  2671  2671 E System  : 	at java.util.jar.JarFile.<init>(JarFile.java:97)
03-14 14:14:08.945  2671  2671 E System  : 	at libcore.io.ClassPathURLStreamHandler.<init>(ClassPathURLStreamHandler.java:47)
03-14 14:14:08.945  2671  2671 E System  : 	at java.lang.VMClassLoader.createBootClassPathUrlHandlers(VMClassLoader.java:49)
03-14 14:14:08.945  2671  2671 E System  : 	at java.lang.VMClassLoader.<clinit>(VMClassLoader.java:32)
03-14 14:14:08.945  2671  2671 E System  : 	at java.lang.BootClassLoader.findResource(ClassLoader.java:1360)
03-14 14:14:08.945  2671  2671 E System  : 	at java.lang.BootClassLoader.getResource(ClassLoader.java:1406)
03-14 14:14:08.945  2671  2671 E System  : 	at java.lang.ClassLoader.getResourceAsStream(ClassLoader.java:987)
03-14 14:14:08.945  2671  2671 E System  : 	at java.lang.Class.getResourceAsStream(Class.java:2211)
03-14 14:14:08.945  2671  2671 E System  : 	at java.util.logging.LogManager.readConfiguration(LogManager.java:1297)
03-14 14:14:08.945  2671  2671 E System  : 	at java.util.logging.LogManager$3.run(LogManager.java:390)
03-14 14:14:08.945  2671  2671 E System  : 	at java.util.logging.LogManager$3.run(LogManager.java:388)
03-14 14:14:08.945  2671  2671 E System  : 	at java.security.AccessController.doPrivileged(AccessController.java:69)
03-14 14:14:08.945  2671  2671 E System  : 	at java.util.logging.LogManager.readPrimordialConfiguration(LogManager.java:387)
03-14 14:14:08.945  2671  2671 E System  : 	at java.util.logging.LogManager.-wrap5(Unknown Source:0)
03-14 14:14:08.945  2671  2671 E System  : 	at java.util.logging.LogManager$2.run(LogManager.java:336)
03-14 14:14:08.945  2671  2671 E System  : 	at java.security.AccessController.doPrivileged(AccessController.java:43)
03-14 14:14:08.945  2671  2671 E System  : 	at java.util.logging.LogManager.ensureLogManagerInitialized(LogManager.java:329)
03-14 14:14:08.945  2671  2671 E System  : 	at java.util.logging.LogManager.getLogManager(LogManager.java:369)
03-14 14:14:08.945  2671  2671 E System  : 	at java.util.logging.Logger.demandLogger(Logger.java:449)
03-14 14:14:08.945  2671  2671 E System  : 	at java.util.logging.Logger.getLogger(Logger.java:505)
03-14 14:14:08.945  2671  2671 E System  : 	at android.icu.util.TimeZone.<clinit>(TimeZone.java:95)
03-14 14:14:08.945  2671  2671 E System  : 	at java.util.TimeZone.setDefault(TimeZone.java:746)
03-14 14:14:08.945  2671  2671 E System  : 	at com.android.internal.os.RuntimeInit.commonInit(RuntimeInit.java:155)
03-14 14:14:08.945  2671  2671 E System  : 	at com.android.internal.os.RuntimeInit.main(RuntimeInit.java:279)
03-14 14:14:08.948  2671  2671 D AndroidRuntime: Calling main entry com.android.commands.am.Am
03-14 14:14:08.953  1104  2387 I ActivityManager: Force stopping android.camera.cts appid=10084 user=0: start instr
03-14 14:14:08.979  2680  2680 W main    : type=1400 audit(0.0:116): avc: denied { create } for name="cgroup.procs" scontext=u:r:zygote:s0 tcontext=u:object_r:cgroup:s0 tclass=file permissive=0
03-14 14:14:08.992  1104  2387 I ActivityManager: Start proc 2680:android.camera.cts/u0a84 for added application android.camera.cts
03-14 14:14:09.013  1104  2387 D CompatibilityInfo: mCompatibilityFlags - 0
03-14 14:14:09.013  1104  2387 D CompatibilityInfo: applicationDensity - 560
03-14 14:14:09.014  1104  2387 D CompatibilityInfo: applicationScale - 1.0
03-14 14:14:09.030  2680  2680 I zygote64: The ClassLoaderContext is a special shared library.
03-14 14:14:09.032  2680  2680 I zygote64: The ClassLoaderContext is a special shared library.
03-14 14:14:09.160  2680  2680 I MonitoringInstr: Instrumentation started on process android.camera.cts
03-14 14:14:09.161  2680  2680 I MonitoringInstr: Setting context classloader to 'dalvik.system.PathClassLoader[DexPathList[[zip file "/system/framework/android.test.mock.jar", zip file "/system/framework/android.test.runner.jar", zip file "/data/app/android.camera.cts-gjxT__CVCMJjf9bkjMhf6w==/base.apk"],nativeLibraryDirectories=[/data/app/android.camera.cts-gjxT__CVCMJjf9bkjMhf6w==/lib/arm64, /data/app/android.camera.cts-gjxT__CVCMJjf9bkjMhf6w==/base.apk!/lib/arm64-v8a, /system/lib64, /vendor/lib64]]]', Original: 'dalvik.system.PathClassLoader[DexPathList[[zip file "/system/framework/android.test.mock.jar", zip file "/system/framework/android.test.runner.jar", zip file "/data/app/android.camera.cts-gjxT__CVCMJjf9bkjMhf6w==/base.apk"],nativeLibraryDirectories=[/data/app/android.camera.cts-gjxT__CVCMJjf9bkjMhf6w==/lib/arm64, /data/app/android.camera.cts-gjxT__CVCMJjf9bkjMhf6w==/base.apk!/lib/arm64-v8a, /system/lib64, /vendor/lib64]]]'
03-14 14:14:09.165  2680  2680 I MonitoringInstr: No JSBridge.
03-14 14:14:09.166  2680  2696 I MonitoringInstr: Setting context classloader to 'dalvik.system.PathClassLoader[DexPathList[[zip file "/system/framework/android.test.mock.jar", zip file "/system/framework/android.test.runner.jar", zip file "/data/app/android.camera.cts-gjxT__CVCMJjf9bkjMhf6w==/base.apk"],nativeLibraryDirectories=[/data/app/android.camera.cts-gjxT__CVCMJjf9bkjMhf6w==/lib/arm64, /data/app/android.camera.cts-gjxT__CVCMJjf9bkjMhf6w==/base.apk!/lib/arm64-v8a, /system/lib64, /vendor/lib64]]]', Original: 'dalvik.system.PathClassLoader[DexPathList[[zip file "/system/framework/android.test.mock.jar", zip file "/system/framework/android.test.runner.jar", zip file "/data/app/android.camera.cts-gjxT__CVCMJjf9bkjMhf6w==/base.apk"],nativeLibraryDirectories=[/data/app/android.camera.cts-gjxT__CVCMJjf9bkjMhf6w==/lib/arm64, /data/app/android.camera.cts-gjxT__CVCMJjf9bkjMhf6w==/base.apk!/lib/arm64-v8a, /system/lib64, /vendor/lib64]]]'
03-14 14:14:09.174  2680  2696 D InfraTrack: Tracking disabled due to lack of internet permissions
03-14 14:14:09.174  2680  2696 I UsageTrackerFacilitator: Usage tracking disabled
03-14 14:14:09.189  2680  2696 D TestExecutor: Adding listener android.support.test.internal.runner.listener.LogRunListener
03-14 14:14:09.189  2680  2696 D TestExecutor: Adding listener android.support.test.internal.runner.listener.InstrumentationResultPrinter
03-14 14:14:09.189  2680  2696 D TestExecutor: Adding listener android.support.test.internal.runner.listener.ActivityFinisherRunListener
03-14 14:14:09.189  2680  2696 D TestExecutor: Adding listener com.android.cts.runner.CtsTestRunListener
03-14 14:14:09.191  2680  2696 I TestRunner: run started: 1 tests
03-14 14:14:09.192  2680  2696 D NetworkSecurityConfig: No Network Security Config specified, using platform default
03-14 14:14:09.193  2680  2696 I CtsTestRunListener: Disabling keyguard
03-14 14:14:09.195  2680  2696 I TestRunner: started: testFullRawCapture(android.hardware.camera2.cts.StillCaptureTest)
03-14 14:14:09.196  1291  1312 D KeyguardViewMediator: setKeyguardEnabled(false)
03-14 14:14:09.197  2680  2680 I MonitoringInstr: Activities that are still in CREATED to STOPPED: 0
03-14 14:14:09.197  2680  2696 D CtsTestRunListener: Total memory  : 2469592
03-14 14:14:09.197  2680  2696 D CtsTestRunListener: Used memory   : 1653240
03-14 14:14:09.197  2680  2696 D CtsTestRunListener: Free memory   : 816352
03-14 14:14:09.197  2680  2696 D CtsTestRunListener: java.io.tmpdir is:/data/user/0/android.camera.cts/cache
03-14 14:14:09.197  2680  2696 D CtsTestRunListener: About to .exec df
03-14 14:14:09.200  2680  2696 D CtsTestRunListener: .exec returned
03-14 14:14:09.200  2680  2696 D CtsTestRunListener: Stream reader created
03-14 14:14:09.231  2698  2698 E propClient: PropClient failed to load
03-14 14:14:09.229  2698  2698 W df      : type=1400 audit(0.0:117): avc: denied { getattr } for path="/persist" dev="mmcblk0p50" ino=2 scontext=u:r:untrusted_app:s0:c512,c768 tcontext=u:object_r:persist_file:s0 tclass=dir permissive=0
03-14 14:14:09.239  2680  2696 D CtsTestRunListener: Filesystem                             1K-blocks   Used Available Use% Mounted on
03-14 14:14:09.239  2680  2696 D CtsTestRunListener: /dev/block/bootdevice/by-name/userdata   5078656 876844   4185428  18% /data
03-14 14:14:09.240  2680  2696 D CtsTestRunListener: In finally
03-14 14:14:09.241  2680  2696 D CtsTestRunListener: Now executing : android.hardware.camera2.cts.StillCaptureTest
03-14 14:14:09.248  2680  2700 D MonitoringInstr: execStartActivity(context, ibinder, ibinder, activity, intent, int, bundle
03-14 14:14:09.239  2701  2701 W main    : type=1400 audit(0.0:120): avc: denied { create } for name="cgroup.procs" scontext=u:r:zygote:s0 tcontext=u:object_r:cgroup:s0 tclass=file permissive=0
03-14 14:14:09.257  1104  2387 I ActivityManager: Start proc 2701:com.android.keychain/1000 for service com.android.keychain/.KeyChainService
03-14 14:14:09.258  1104  2264 I ActivityManager: START u0 {act=android.intent.action.MAIN flg=0x14000000 cmp=android.camera.cts/android.hardware.camera2.cts.Camera2SurfaceViewCtsActivity} from uid 10084
03-14 14:14:09.249   631   631 W vendor.qti.hard: type=1400 audit(0.0:121): avc: denied { read } for name="enable" dev="sysfs" ino=50055 scontext=u:r:hal_perf_default:s0 tcontext=u:object_r:sysfs:s0 tclass=file permissive=0
03-14 14:14:09.264   631   676 E ANDR-PERF-UTIL: Failed to read /sys/class/mmc_host/mmc0/clk_scaling/enable
03-14 14:14:09.264   631   676 E ANDR-PERF-OPTSHANDLER: Failed to read /sys/class/mmc_host/mmc0/clk_scaling/enable
03-14 14:14:09.264   631   676 E ANDR-PERF-RESOURCEQS: Failed to apply optimization [11, 4]
03-14 14:14:09.265   631   676 E ANDR-PERF-OPTSHANDLER: Perflock resource /sys/class/devfreq/soc:qcom,llccbw/min_freq not supported
03-14 14:14:09.265   631   676 E ANDR-PERF-RESOURCEQS: Failed to apply optimization [12, 0]
03-14 14:14:09.266   512   512 W /system/bin/hwservicemanager: getTransport: Cannot find entry vendor.qti.hardware.iop@2.0::IIop/default in either framework or device manifest.
03-14 14:14:09.266   631   676 E ANDR-PERF-OPTSHANDLER: Failed to read /sys/class/kgsl/kgsl-3d0/force_rail_on
03-14 14:14:09.266   631   676 E ANDR-PERF-OPTSHANDLER: Failed to read /sys/class/kgsl/kgsl-3d0/force_clk_on
03-14 14:14:09.266   631   676 E ANDR-PERF-OPTSHANDLER: Failed to read /sys/class/kgsl/kgsl-3d0/idle_timer
03-14 14:14:09.266   631   676 E ANDR-PERF-OPTSHANDLER: Failed to read /sys/class/kgsl/kgsl-3d0/force_no_nap
03-14 14:14:09.266   631   676 E ANDR-PERF-RESOURCEQS: Failed to apply optimization [10, 7]
03-14 14:14:09.266  1104  2264 E ANDR-PERF-JNI: Iop tryGetService failed
03-14 14:14:09.266   631   676 E ANDR-PERF-RESOURCEQS: Failed to apply optimization [2, 1]
03-14 14:14:09.266   631   676 E ANDR-PERF-RESOURCEQS: Failed to apply optimization [2, 1]
03-14 14:14:09.266   631   676 E ANDR-PERF-RESOURCEQS: Failed to apply optimization [2, 0]
03-14 14:14:09.266   631   676 E ANDR-PERF-RESOURCEQS: Failed to apply optimization [2, 0]
03-14 14:14:09.249   631   631 W vendor.qti.hard: type=1400 audit(0.0:122): avc: denied { read } for name="force_rail_on" dev="sysfs" ino=43852 scontext=u:r:hal_perf_default:s0 tcontext=u:object_r:sysfs:s0 tclass=file permissive=0
03-14 14:14:09.249   631   631 W vendor.qti.hard: type=1400 audit(0.0:123): avc: denied { read } for name="force_clk_on" dev="sysfs" ino=43850 scontext=u:r:hal_perf_default:s0 tcontext=u:object_r:sysfs:s0 tclass=file permissive=0
03-14 14:14:09.249   631   631 W vendor.qti.hard: type=1400 audit(0.0:124): avc: denied { read } for name="idle_timer" dev="sysfs" ino=43840 scontext=u:r:hal_perf_default:s0 tcontext=u:object_r:sysfs:s0 tclass=file permissive=0
03-14 14:14:09.249   631   631 W vendor.qti.hard: type=1400 audit(0.0:125): avc: denied { read } for name="force_no_nap" dev="sysfs" ino=43853 scontext=u:r:hal_perf_default:s0 tcontext=u:object_r:sysfs:s0 tclass=file permissive=0
03-14 14:14:09.249   631   631 W vendor.qti.hard: type=1400 audit(0.0:126): avc: denied { write } for name="cpu_max_freq" dev="sysfs" ino=32431 scontext=u:r:hal_perf_default:s0 tcontext=u:object_r:sysfs:s0 tclass=file permissive=0
03-14 14:14:09.249   631   631 W vendor.qti.hard: type=1400 audit(0.0:127): avc: denied { write } for name="cpu_max_freq" dev="sysfs" ino=32431 scontext=u:r:hal_perf_default:s0 tcontext=u:object_r:sysfs:s0 tclass=file permissive=0
03-14 14:14:09.249   631   631 W vendor.qti.hard: type=1400 audit(0.0:128): avc: denied { write } for name="cpu_min_freq" dev="sysfs" ino=32432 scontext=u:r:hal_perf_default:s0 tcontext=u:object_r:sysfs:s0 tclass=file permissive=0
03-14 14:14:09.249   631   631 W vendor.qti.hard: type=1400 audit(0.0:129): avc: denied { write } for name="cpu_min_freq" dev="sysfs" ino=32432 scontext=u:r:hal_perf_default:s0 tcontext=u:object_r:sysfs:s0 tclass=file permissive=0
03-14 14:14:09.259   631   631 W vendor.qti.hard: type=1400 audit(0.0:130): avc: denied { write } for name="cpu_max_freq" dev="sysfs" ino=32431 scontext=u:r:hal_perf_default:s0 tcontext=u:object_r:sysfs:s0 tclass=file permissive=0
03-14 14:14:09.259   631   631 W vendor.qti.hard: type=1400 audit(0.0:131): avc: denied { write } for name="cpu_max_freq" dev="sysfs" ino=32431 scontext=u:r:hal_perf_default:s0 tcontext=u:object_r:sysfs:s0 tclass=file permissive=0
03-14 14:14:09.259   631   631 W vendor.qti.hard: type=1400 audit(0.0:132): avc: denied { write } for name="cpu_min_freq" dev="sysfs" ino=32432 scontext=u:r:hal_perf_default:s0 tcontext=u:object_r:sysfs:s0 tclass=file permissive=0
03-14 14:14:09.259   631   631 W vendor.qti.hard: type=1400 audit(0.0:133): avc: denied { write } for name="cpu_min_freq" dev="sysfs" ino=32432 scontext=u:r:hal_perf_default:s0 tcontext=u:object_r:sysfs:s0 tclass=file permissive=0
03-14 14:14:09.267   631   676 E ANDR-PERF-RESOURCEQS: Failed to apply optimization [2, 1]
03-14 14:14:09.267   631   676 E ANDR-PERF-RESOURCEQS: Failed to apply optimization [2, 1]
03-14 14:14:09.267   631   676 E ANDR-PERF-RESOURCEQS: Failed to apply optimization [2, 0]
03-14 14:14:09.267   631   676 E ANDR-PERF-RESOURCEQS: Failed to apply optimization [2, 0]
03-14 14:14:09.271  1104  2264 D ActivityTrigger: activityStartTrigger: Activity is Triggerred in full screen ApplicationInfo{8df07bb android.camera.cts}
03-14 14:14:09.271  1104  2264 E ActivityTrigger: activityStartTrigger: not whiteListedandroid.camera.cts/android.hardware.camera2.cts.Camera2SurfaceViewCtsActivity/26
03-14 14:14:09.271  1104  2264 D CompatibilityInfo: mCompatibilityFlags - 0
03-14 14:14:09.271  1104  2264 D CompatibilityInfo: applicationDensity - 560
03-14 14:14:09.271  1104  2264 D CompatibilityInfo: applicationScale - 1.0
03-14 14:14:09.272  1104  2264 D ActivityTrigger: activityResumeTrigger: The activity in ApplicationInfo{8df07bb android.camera.cts} is now in focus and seems to be in full-screen mode
03-14 14:14:09.272  1104  2264 E ActivityTrigger: activityResumeTrigger: not whiteListedandroid.camera.cts/android.hardware.camera2.cts.Camera2SurfaceViewCtsActivity/26
03-14 14:14:09.272  1104  2264 D ActivityTrigger: ActivityTrigger activityPauseTrigger 
03-14 14:14:09.275  1104  2387 D CompatibilityInfo: mCompatibilityFlags - 0
03-14 14:14:09.276  1104  2387 D CompatibilityInfo: applicationDensity - 560
03-14 14:14:09.276  1104  2387 D CompatibilityInfo: applicationScale - 1.0
03-14 14:14:09.280  1104  2387 D CompatibilityInfo: mCompatibilityFlags - 0
03-14 14:14:09.280  1104  2387 D CompatibilityInfo: applicationDensity - 560
03-14 14:14:09.280  1104  2387 D CompatibilityInfo: applicationScale - 1.0
03-14 14:14:09.280  1104  2264 D ActivityTrigger: activityResumeTrigger: The activity in ApplicationInfo{8df07bb android.camera.cts} is now in focus and seems to be in full-screen mode
03-14 14:14:09.280  1104  2264 E ActivityTrigger: activityResumeTrigger: not whiteListedandroid.camera.cts/android.hardware.camera2.cts.Camera2SurfaceViewCtsActivity/26
03-14 14:14:09.281   631   676 E ANDR-PERF-RESOURCEQS: Failed to apply optimization [2, 1]
03-14 14:14:09.281   631   676 E ANDR-PERF-RESOURCEQS: Failed to apply optimization [2, 1]
03-14 14:14:09.281   631   676 E ANDR-PERF-RESOURCEQS: Failed to apply optimization [2, 0]
03-14 14:14:09.281   631   676 E ANDR-PERF-RESOURCEQS: Failed to apply optimization [2, 0]
03-14 14:14:09.269   631   631 W vendor.qti.hard: type=1400 audit(0.0:134): avc: denied { write } for name="cpu_max_freq" dev="sysfs" ino=32431 scontext=u:r:hal_perf_default:s0 tcontext=u:object_r:sysfs:s0 tclass=file permissive=0
03-14 14:14:09.269   631   631 W vendor.qti.hard: type=1400 audit(0.0:135): avc: denied { write } for name="cpu_max_freq" dev="sysfs" ino=32431 scontext=u:r:hal_perf_default:s0 tcontext=u:object_r:sysfs:s0 tclass=file permissive=0
03-14 14:14:09.269   631   631 W vendor.qti.hard: type=1400 audit(0.0:136): avc: denied { write } for name="cpu_min_freq" dev="sysfs" ino=32432 scontext=u:r:hal_perf_default:s0 tcontext=u:object_r:sysfs:s0 tclass=file permissive=0
03-14 14:14:09.290  2701  2701 I zygote64: The ClassLoaderContext is a special shared library.
03-14 14:14:09.315  1104  2264 I ActivityManager: Config changes=480 {1.0 ?mcc?mnc [en_US] ldltr sw411dp w683dp h387dp 560dpi nrml hdr land finger -keyb/v/h -nav/h appBounds=Rect(0, 0 - 2392, 1440) s.6}
03-14 14:14:09.348  1104  2264 I ActivityManager: Override config changes=480 {1.0 ?mcc?mnc [en_US] ldltr sw411dp w683dp h387dp 560dpi nrml hdr land finger -keyb/v/h -nav/h appBounds=Rect(0, 0 - 2392, 1440) s.6} for displayId=0
03-14 14:14:09.363  1104  2264 D CompatibilityInfo: mCompatibilityFlags - 0
03-14 14:14:09.363  1104  2264 D CompatibilityInfo: applicationDensity - 560
03-14 14:14:09.363  1104  2264 D CompatibilityInfo: applicationScale - 1.0
03-14 14:14:09.385  1104  1220 I InputReader: Reconfiguring input devices.  changes=0x00000004
03-14 14:14:09.385  1104  1220 I InputReader: Device reconfigured: id=3, name='qbt1000_key_input', size 1440x2560, orientation 0, mode 4, display id 0
03-14 14:14:09.385  1104  1220 I InputReader: Device reconfigured: id=6, name='hbtp_input', size 1440x2560, orientation 1, mode 1, display id 0
03-14 14:14:09.392  2680  2680 D LifecycleMonitor: Lifecycle status change: android.hardware.camera2.cts.Camera2SurfaceViewCtsActivity@75691ac in: PRE_ON_CREATE
03-14 14:14:09.418  2680  2680 D LifecycleMonitor: Lifecycle status change: android.hardware.camera2.cts.Camera2SurfaceViewCtsActivity@75691ac in: CREATED
03-14 14:14:09.419  2680  2680 D LifecycleMonitor: Lifecycle status change: android.hardware.camera2.cts.Camera2SurfaceViewCtsActivity@75691ac in: STARTED
03-14 14:14:09.421  2680  2680 D LifecycleMonitor: Lifecycle status change: android.hardware.camera2.cts.Camera2SurfaceViewCtsActivity@75691ac in: RESUMED
03-14 14:14:09.429  2680  2727 D OpenGLRenderer: HWUI GL Pipeline
03-14 14:14:09.450  2680  2727 I Adreno  : QUALCOMM build                   : 6c319c5, I3912dda768
03-14 14:14:09.450  2680  2727 I Adreno  : Build Date                       : 03/14/19
03-14 14:14:09.450  2680  2727 I Adreno  : OpenGL ES Shader Compiler Version: EV031.26.02.00
03-14 14:14:09.450  2680  2727 I Adreno  : Local Branch                     : 
03-14 14:14:09.450  2680  2727 I Adreno  : Remote Branch                    : refs/tags/AU_LINUX_ANDROID_LA.UM.6.8.1.R2.08.01.00.513.017
03-14 14:14:09.450  2680  2727 I Adreno  : Remote Branch                    : NONE
03-14 14:14:09.450  2680  2727 I Adreno  : Reconstruct Branch               : NOTHING
03-14 14:14:09.450  2680  2727 I Adreno  : Build Config                     : S L 3.9.10 AArch64
03-14 14:14:09.457  2680  2727 I Adreno  : PFP: 0x016ee181, ME: 0x00000000
03-14 14:14:09.459  2680  2680 I Camera2SurfaceViewCtsActivity: Surface created
03-14 14:14:09.459  2680  2680 I Camera2SurfaceViewCtsActivity: Surface Changed to: 1120x840
03-14 14:14:09.464  1104  2264 I ActivityManager: Killing 2249:com.android.onetimeinitializer/u0a19 (adj 906): empty #17
03-14 14:14:09.464  2680  2727 I zygote64: android::hardware::configstore::V1_0::ISurfaceFlingerConfigs::hasWideColorDisplay retrieved: 0
03-14 14:14:09.464  1104  1141 W zygote64: kill(-2249, 9) failed: No such process
03-14 14:14:09.464  2680  2727 I OpenGLRenderer: Initialized EGL, version 1.4
03-14 14:14:09.464  2680  2727 D OpenGLRenderer: Swap behavior 2
03-14 14:14:09.485  1291  1291 D StatusBar: disable<e i a s b h r c s q >
03-14 14:14:09.492  1104  1141 W zygote64: kill(-2249, 9) failed: No such process
03-14 14:14:09.492  1104  1141 I zygote64: Successfully killed process cgroup uid 10019 pid 2249 in 27ms
03-14 14:14:09.499  1291  1291 W StatusBar/NavBarView: *** Invalid layout in navigation bar (sizeChanged this=168x1440 cur=168x1384)
03-14 14:14:09.510  1104  1146 I ActivityManager: Displayed android.camera.cts/android.hardware.camera2.cts.Camera2SurfaceViewCtsActivity: +229ms
03-14 14:14:09.512   512   512 W /system/bin/hwservicemanager: getTransport: Cannot find entry vendor.qti.hardware.iop@2.0::IIop/default in either framework or device manifest.
03-14 14:14:09.513  1104  1146 E ANDR-PERF-JNI: Iop tryGetService failed
03-14 14:14:09.514  1104  1196 I WindowManager: Screen frozen for +232ms due to Window{26f8fb4 u0 StatusBar}
03-14 14:14:09.519  2680  2696 I CameraManagerGlobal: Connecting to camera service
03-14 14:14:09.519  1104  2264 D ActivityTrigger: ActivityTrigger activityStopTrigger 
03-14 14:14:09.535  2680  2696 I StillCaptureTest: Testing raw+JPEG capture for Camera 0
03-14 14:14:09.529  2680  2680 W roidJUnitRunner: type=1400 audit(0.0:138): avc: denied { read } for name="u:object_r:camera_prop:s0" dev="tmpfs" ino=13496 scontext=u:r:untrusted_app:s0:c512,c768 tcontext=u:object_r:camera_prop:s0 tclass=file permissive=0
03-14 14:14:09.540  2680  2696 E libc    : Access denied finding property "persist.camera.privapp.list"
03-14 14:14:09.540   893  2731 I CameraService: CameraService::connect call (PID -1 "android.camera.cts", camera ID 0) for HAL version default and Camera API version 2
03-14 14:14:09.542   893  2731 I Camera2ClientBase: Camera 0: Opened. Client: android.camera.cts (PID 2680, UID 10084)
03-14 14:14:09.542   893  2731 I CameraDeviceClient: CameraDeviceClient 0: Opened
03-14 14:14:09.546   893  2731 I CameraProviderManager: Camera device device@3.3/legacy/0 torch status is now NOT_AVAILABLE
03-14 14:14:09.546   893  2731 I CameraService: onTorchStatusChangedLocked: Torch status changed for cameraId=0, newStatus=0
03-14 14:14:09.546   893  2731 E CameraService: onTorchStatusChangedLocked: cannot get torch status of camera 0: No such file or directory (-2)
03-14 14:14:09.550   631   676 E ANDR-PERF-RESOURCEQS: Failed to apply optimization [2, 1]
03-14 14:14:09.550   631   676 E ANDR-PERF-RESOURCEQS: Failed to apply optimization [2, 0]
03-14 14:14:09.539   631   631 W vendor.qti.hard: type=1400 audit(0.0:139): avc: denied { write } for name="cpu_max_freq" dev="sysfs" ino=32431 scontext=u:r:hal_perf_default:s0 tcontext=u:object_r:sysfs:s0 tclass=file permissive=0
03-14 14:14:09.550   631   676 E ANDR-PERF-RESOURCEQS: Failed to apply optimization [2, 1]
03-14 14:14:09.550   631   676 E ANDR-PERF-RESOURCEQS: Failed to apply optimization [2, 0]
03-14 14:14:09.539   631   631 W vendor.qti.hard: type=1400 audit(0.0:140): avc: denied { write } for name="cpu_min_freq" dev="sysfs" ino=32432 scontext=u:r:hal_perf_default:s0 tcontext=u:object_r:sysfs:s0 tclass=file permissive=0
03-14 14:14:09.539   631   631 W vendor.qti.hard: type=1400 audit(0.0:141): avc: denied { write } for name="cpu_max_freq" dev="sysfs" ino=32431 scontext=u:r:hal_perf_default:s0 tcontext=u:object_r:sysfs:s0 tclass=file permissive=0
03-14 14:14:09.572   893   893 I Camera3-Device: disconnect: E
03-14 14:14:09.574   631   676 E ANDR-PERF-RESOURCEQS: Failed to apply optimization [2, 1]
03-14 14:14:09.574   631   676 E ANDR-PERF-RESOURCEQS: Failed to apply optimization [2, 0]
03-14 14:14:09.574   631   676 E ANDR-PERF-RESOURCEQS: Failed to apply optimization [2, 1]
03-14 14:14:09.574   631   676 E ANDR-PERF-RESOURCEQS: Failed to apply optimization [2, 0]
03-14 14:14:09.559   631   631 W vendor.qti.hard: type=1400 audit(0.0:143): avc: denied { write } for name="cpu_max_freq" dev="sysfs" ino=32431 scontext=u:r:hal_perf_default:s0 tcontext=u:object_r:sysfs:s0 tclass=file permissive=0
03-14 14:14:09.574   893   893 E CameraService: onTorchStatusChangedLocked: cannot get torch status of camera 0: No such file or directory (-2)
03-14 14:14:09.575   893   893 I Camera3-Device: disconnect: X
03-14 14:14:09.575   893  1084 I Camera3-Device: disconnect: E
03-14 14:14:09.559   631   631 W vendor.qti.hard: type=1400 audit(0.0:146): avc: denied { write } for name="cpu_min_freq" dev="sysfs" ino=32432 scontext=u:r:hal_perf_default:s0 tcontext=u:object_r:sysfs:s0 tclass=file permissive=0
03-14 14:14:09.578   893   893 I CameraService: disconnect: Disconnected client for camera 0 for PID 2680
03-14 14:14:09.581  1104  2264 D ActivityTrigger: ActivityTrigger activityPauseTrigger 
03-14 14:14:09.582  2680  2680 D LifecycleMonitor: Lifecycle status change: android.hardware.camera2.cts.Camera2SurfaceViewCtsActivity@75691ac in: PAUSED
03-14 14:14:09.585  1104  2539 D ActivityTrigger: activityResumeTrigger: The activity in ApplicationInfo{2315f89 com.android.launcher3} is now in focus and seems to be in full-screen mode
03-14 14:14:09.585  1104  2539 E ActivityTrigger: activityResumeTrigger: not whiteListedcom.android.launcher3/com.android.launcher3.Launcher/27
03-14 14:14:09.587   631   676 E ANDR-PERF-RESOURCEQS: Failed to apply optimization [2, 1]
03-14 14:14:09.587   631   676 E ANDR-PERF-RESOURCEQS: Failed to apply optimization [2, 1]
03-14 14:14:09.587   631   676 E ANDR-PERF-RESOURCEQS: Failed to apply optimization [2, 0]
03-14 14:14:09.587   631   676 E ANDR-PERF-RESOURCEQS: Failed to apply optimization [2, 0]
03-14 14:14:09.579   631   631 W vendor.qti.hard: type=1400 audit(0.0:147): avc: denied { write } for name="cpu_max_freq" dev="sysfs" ino=32431 scontext=u:r:hal_perf_default:s0 tcontext=u:object_r:sysfs:s0 tclass=file permissive=0
03-14 14:14:09.591  2680  2696 I zygote64: Explicit concurrent copying GC freed 2834(145KB) AllocSpace objects, 0(0B) LOS objects, 57% free, 1149KB/2MB, paused 32us total 7.198ms
03-14 14:14:09.591   893   893 I Camera2ClientBase: Closed Camera 0. Client was: android.camera.cts (PID 2680, UID 10084)
03-14 14:14:09.600  2680  2696 I zygote64: Explicit concurrent copying GC freed 291(41KB) AllocSpace objects, 0(0B) LOS objects, 57% free, 1124KB/2MB, paused 29us total 8.281ms
03-14 14:14:09.600  2680  2696 I TestRunner: failed: testFullRawCapture(android.hardware.camera2.cts.StillCaptureTest)
03-14 14:14:09.600  2680  2696 I TestRunner: ----- begin exception -----
03-14 14:14:09.601  2680  2696 I TestRunner: junit.framework.AssertionFailedError: Available sizes for RAW format must include either the pre-corrected active array size, or the full pixel array size : No elements from [3864x2180] in [3840x2160, 3840x2160]
03-14 14:14:09.601  2680  2696 I TestRunner: 	at junit.framework.Assert.fail(Assert.java:50)
03-14 14:14:09.601  2680  2696 I TestRunner: 	at android.hardware.camera2.cts.helpers.AssertHelpers.assertCollectionContainsAnyOf(AssertHelpers.java:192)
03-14 14:14:09.601  2680  2696 I TestRunner: 	at android.hardware.camera2.cts.helpers.AssertHelpers.assertArrayContainsAnyOf(AssertHelpers.java:156)
03-14 14:14:09.601  2680  2696 I TestRunner: 	at android.hardware.camera2.cts.helpers.StaticMetadata.getRawDimensChecked(StaticMetadata.java:858)
03-14 14:14:09.601  2680  2696 I TestRunner: 	at android.hardware.camera2.cts.StillCaptureTest.fullRawCaptureTestByCamera(StillCaptureTest.java:880)
03-14 14:14:09.601  2680  2696 I TestRunner: 	at android.hardware.camera2.cts.StillCaptureTest.testFullRawCapture(StillCaptureTest.java:233)
03-14 14:14:09.601  2680  2696 I TestRunner: 	at java.lang.reflect.Method.invoke(Native Method)
03-14 14:14:09.601  2680  2696 I TestRunner: 	at android.test.InstrumentationTestCase.runMethod(InstrumentationTestCase.java:220)
03-14 14:14:09.601  2680  2696 I TestRunner: 	at android.test.InstrumentationTestCase.runTest(InstrumentationTestCase.java:205)
03-14 14:14:09.601  2680  2696 I TestRunner: 	at android.test.ActivityInstrumentationTestCase2.runTest(ActivityInstrumentationTestCase2.java:192)
03-14 14:14:09.601  2680  2696 I TestRunner: 	at junit.framework.TestCase.runBare(TestCase.java:134)
03-14 14:14:09.601  2680  2696 I TestRunner: 	at junit.framework.TestResult$1.protect(TestResult.java:115)
03-14 14:14:09.601  2680  2696 I TestRunner: 	at android.support.test.internal.runner.junit3.AndroidTestResult.runProtected(AndroidTestResult.java:77)
03-14 14:14:09.601  2680  2696 I TestRunner: 	at junit.framework.TestResult.run(TestResult.java:118)
03-14 14:14:09.601  2680  2696 I TestRunner: 	at android.support.test.internal.runner.junit3.AndroidTestResult.run(AndroidTestResult.java:55)
03-14 14:14:09.601  2680  2696 I TestRunner: 	at junit.framework.TestCase.run(TestCase.java:124)
03-14 14:14:09.601  2680  2696 I TestRunner: 	at android.support.test.internal.runner.junit3.NonLeakyTestSuite$NonLeakyTest.run(NonLeakyTestSuite.java:63)
03-14 14:14:09.601  2680  2696 I TestRunner: 	at junit.framework.TestSuite.runTest(TestSuite.java:243)
03-14 14:14:09.601  2680  2696 I TestRunner: 	at junit.framework.TestSuite.run(TestSuite.java:238)
03-14 14:14:09.601  2680  2696 I TestRunner: 	at android.support.test.internal.runner.junit3.DelegatingTestSuite.run(DelegatingTestSuite.java:103)
03-14 14:14:09.601  2680  2696 I TestRunner: 	at android.support.test.internal.runner.junit3.AndroidTestSuite.run(AndroidTestSuite.java:73)
03-14 14:14:09.601  2680  2696 I TestRunner: 	at android.support.test.internal.runner.junit3.JUnit38ClassRunner.run(JUnit38ClassRunner.java:119)
03-14 14:14:09.601  2680  2696 I TestRunner: 	at org.junit.runners.Suite.runChild(Suite.java:128)
03-14 14:14:09.601  2680  2696 I TestRunner: 	at org.junit.runners.Suite.runChild(Suite.java:126)
03-14 14:14:09.601  2680  2696 I TestRunner: 	at org.junit.runners.ParentRunner$3.run(ParentRunner.java:290)
03-14 14:14:09.601  2680  2696 I TestRunner: 	at org.junit.runners.ParentRunner$1.schedule(ParentRunner.java:71)
03-14 14:14:09.601  2680  2696 I TestRunner: 	at org.junit.runners.ParentRunner.runChildren(ParentRunner.java:288)
03-14 14:14:09.601  2680  2696 I TestRunner: 	at org.junit.runners.ParentRunner.-wrap0(Unknown Source:0)
03-14 14:14:09.601  2680  2696 I TestRunner: 	at org.junit.runners.ParentRunner$2.evaluate(ParentRunner.java:268)
03-14 14:14:09.601  2680  2696 I TestRunner: 	at org.junit.runners.ParentRunner.run(ParentRunner.java:363)
03-14 14:14:09.601  2680  2696 I TestRunner: 	at org.junit.runner.JUnitCore.run(JUnitCore.java:137)
03-14 14:14:09.601  2680  2696 I TestRunner: 	at org.junit.runner.JUnitCore.run(JUnitCore.java:115)
03-14 14:14:09.601  2680  2696 I TestRunner: 	at android.support.test.internal.runner.TestExecutor.execute(TestExecutor.java:58)
03-14 14:14:09.601  2680  2696 I TestRunner: 	at android.support.test.runner.AndroidJUnitRunner.onStart(AndroidJUnitRunner.java:369)
03-14 14:14:09.601  2680  2696 I TestRunner: 	at android.app.Instrumentation$InstrumentationThread.run(Instrumentation.java:2082)
03-14 14:14:09.601  2680  2696 I TestRunner: ----- end exception -----
03-14 14:14:09.602  2680  2696 I TestRunner: finished: testFullRawCapture(android.hardware.camera2.cts.StillCaptureTest)
03-14 14:14:09.604  2680  2680 I MonitoringInstr: Activities that are still in CREATED to STOPPED: 1
03-14 14:14:09.604  2680  2696 I MonitoringInstr: Unstopped activity count: 1
03-14 14:14:09.655  2680  2696 I MonitoringInstr: Unstopped activity count: 1
03-14 14:14:09.655  1737  1744 I zygote64: Do partial code cache collection, code=30KB, data=29KB
03-14 14:14:09.656  1737  1744 I zygote64: After code cache collection, code=30KB, data=29KB
03-14 14:14:09.656  1737  1744 I zygote64: Increasing code cache capacity to 128KB
03-14 14:14:09.663  1737  1737 I zygote64: Deoptimizing void com.android.launcher3.BubbleTextView.applyIconAndLabel(android.graphics.Bitmap, com.android.launcher3.ItemInfo) due to JIT inline cache
03-14 14:14:09.666  1737  1737 E SchedPolicy: set_timerslack_ns write failed: Operation not permitted
03-14 14:14:09.691  1737  1737 W View    : requestLayout() improperly called by com.android.launcher3.graphics.GradientView{c909cd5 V.ED..... ......I. 0,0-0,0 #7f0b0033 app:id/gradient_bg} during layout: running second layout pass
03-14 14:14:09.705  2680  2696 I MonitoringInstr: Unstopped activity count: 1
03-14 14:14:09.907  2680  2696 I chatty  : uid=10084(android.camera.cts) roidJUnitRunner identical 4 lines
03-14 14:14:09.957  2680  2696 I MonitoringInstr: Unstopped activity count: 1
03-14 14:14:09.972  2680  2680 I Camera2SurfaceViewCtsActivity: Surface destroyed
03-14 14:14:10.007  2680  2696 I MonitoringInstr: Unstopped activity count: 1
03-14 14:14:10.025  1104  1220 I InputReader: Reconfiguring input devices.  changes=0x00000004
03-14 14:14:10.025  1104  1220 I InputReader: Device reconfigured: id=3, name='qbt1000_key_input', size 1440x2560, orientation 0, mode 4, display id 0
03-14 14:14:10.025  1104  1220 I InputReader: Device reconfigured: id=6, name='hbtp_input', size 1440x2560, orientation 0, mode 1, display id 0
03-14 14:14:09.666  1737  1737 I chatty  : uid=10013(com.android.launcher3) identical 2 lines
03-14 14:14:09.709  1737  1737 E SchedPolicy: set_timerslack_ns write failed: Operation not permitted
03-14 14:14:10.030  1104  1146 I ActivityManager: Config changes=480 {1.0 ?mcc?mnc [en_US] ldltr sw411dp w411dp h659dp 560dpi nrml hdr port finger -keyb/v/h -nav/h appBounds=Rect(0, 0 - 1440, 2392) s.7}
03-14 14:14:10.040  1104  2594 I Adreno  : QUALCOMM build                   : 6c319c5, I3912dda768
03-14 14:14:10.040  1104  2594 I Adreno  : Build Date                       : 03/14/19
03-14 14:14:10.040  1104  2594 I Adreno  : OpenGL ES Shader Compiler Version: EV031.26.02.00
03-14 14:14:10.040  1104  2594 I Adreno  : Local Branch                     : 
03-14 14:14:10.040  1104  2594 I Adreno  : Remote Branch                    : refs/tags/AU_LINUX_ANDROID_LA.UM.6.8.1.R2.08.01.00.513.017
03-14 14:14:10.040  1104  2594 I Adreno  : Remote Branch                    : NONE
03-14 14:14:10.040  1104  2594 I Adreno  : Reconstruct Branch               : NOTHING
03-14 14:14:10.040  1104  2594 I Adreno  : Build Config                     : S L 3.9.10 AArch64
03-14 14:14:10.049  1104  2594 I Adreno  : PFP: 0x016ee181, ME: 0x00000000
03-14 14:14:10.050  1104  2594 I zygote64: android::hardware::configstore::V1_0::ISurfaceFlingerConfigs::hasWideColorDisplay retrieved: 0
03-14 14:14:10.051  1104  2594 I OpenGLRenderer: Initialized EGL, version 1.4
03-14 14:14:10.051  1104  2594 D OpenGLRenderer: Swap behavior 2
03-14 14:14:10.058  2680  2696 I MonitoringInstr: Unstopped activity count: 1
03-14 14:14:10.071  1104  1146 I ActivityManager: Override config changes=480 {1.0 ?mcc?mnc [en_US] ldltr sw411dp w411dp h659dp 560dpi nrml hdr port finger -keyb/v/h -nav/h appBounds=Rect(0, 0 - 1440, 2392) s.7} for displayId=0
03-14 14:14:10.085  2680  2680 D LifecycleMonitor: Lifecycle status change: android.hardware.camera2.cts.Camera2SurfaceViewCtsActivity@75691ac in: STOPPED
03-14 14:14:10.085  2680  2680 D LifecycleMonitor: Lifecycle status change: android.hardware.camera2.cts.Camera2SurfaceViewCtsActivity@75691ac in: DESTROYED
03-14 14:14:10.086  1104  1220 I InputReader: Reconfiguring input devices.  changes=0x00000004
03-14 14:14:10.108  2680  2696 I TestRunner: run finished: 1 tests, 1 failed, 0 ignored
03-14 14:14:10.111  2680  2696 I MonitoringInstr: waitForActivitiesToComplete() took: 0ms
03-14 14:14:10.112  2680  2680 I MonitoringInstr: Activities that are still in CREATED to STOPPED: 0
03-14 14:14:10.116  1104  1117 I ActivityManager: Force stopping android.camera.cts appid=10084 user=0: finished inst
03-14 14:14:10.117  1104  1117 I ActivityManager: Killing 2680:android.camera.cts/u0a84 (adj 0): stop android.camera.cts
03-14 14:14:10.118  1104  1141 W zygote64: kill(-2680, 9) failed: No such process
03-14 14:14:10.120  1104  2748 W Binder  : Outgoing transactions from this process must be FLAG_ONEWAY
03-14 14:14:10.120  1104  2748 W Binder  : java.lang.Throwable
03-14 14:14:10.120  1104  2748 W Binder  : 	at android.os.BinderProxy.transact(Binder.java:752)
03-14 14:14:10.120  1104  2748 W Binder  : 	at android.app.IInstrumentationWatcher$Stub$Proxy.instrumentationFinished(IInstrumentationWatcher.java:160)
03-14 14:14:10.120  1104  2748 W Binder  : 	at com.android.server.am.InstrumentationReporter$MyThread.run(InstrumentationReporter.java:86)
03-14 14:14:10.121  2671  2671 D AndroidRuntime: Shutting down VM
03-14 14:14:10.157  1104  1141 W zygote64: kill(-2680, 9) failed: No such process
03-14 14:14:10.160  1291  1584 D KeyguardViewMediator: setKeyguardEnabled(true)
03-14 14:14:10.161  1104  1146 W ActivityManager: setHasOverlayUi called on unknown pid: 2680
03-14 14:14:10.170  1104  1220 I InputReader: Reconfiguring input devices.  changes=0x00000004
03-14 14:14:10.197  1104  1141 W zygote64: kill(-2680, 9) failed: No such process
03-14 14:14:10.197  1104  1141 I zygote64: Successfully killed process cgroup uid 10084 pid 2680 in 78ms
03-14 14:14:10.224  1737  1737 E SchedPolicy: set_timerslack_ns write failed: Operation not permitted
03-14 14:14:10.229  1291  1291 D StatusBar: disable<e i a s b h r c s q >
03-14 14:14:10.243  1291  1291 W StatusBar/NavBarView: *** Invalid layout in navigation bar (sizeChanged this=1440x168 cur=1384x168)
03-14 14:14:10.261  1737  1737 W View    : requestLayout() improperly called by com.android.launcher3.graphics.GradientView{7c994bc V.ED..... ......I. 0,0-0,0 #7f0b0033 app:id/gradient_bg} during layout: running second layout pass
03-14 14:14:10.287  1059  1059 I MSM-irqbalance: Discovered a new IRQ: 419
03-14 14:14:10.287  1059  1059 I MSM-irqbalance: Discovered a new IRQ: 420
03-14 14:14:10.294  1737  1744 I zygote64: Do partial code cache collection, code=59KB, data=53KB
03-14 14:14:10.295  1737  1744 I zygote64: After code cache collection, code=57KB, data=53KB
03-14 14:14:10.295  1737  1744 I zygote64: Increasing code cache capacity to 256KB
03-14 14:14:10.224  1737  1737 I chatty  : uid=10013(com.android.launcher3) identical 2 lines
03-14 14:14:10.278  1737  1737 E SchedPolicy: set_timerslack_ns write failed: Operation not permitted
03-14 14:14:10.304  1104  1196 I WindowManager: Screen frozen for +309ms due to Window{cdc7275 u0 com.android.systemui.ImageWallpaper}
